// Jest Snapshot v1, https://goo.gl/fbAQLP

exports[`Storyshots Pages/Home/PR Lists empty 1`] = `
<ul
  className="MuiList-root MuiList-dense"
/>
`;
